[root@east ]# ipsec _stackmanager start
[ 00.00] NET: Registered protocol family 15
[root@east ]# /usr/local/libexec/ipsec/pluto --config /etc/ipsec.conf
[root@east ]# /testing/pluto/bin/wait-until-pluto-started
[ 00.00] alg: No test for cipher_null (cipher_null-generic)
[ 00.00] alg: No test for ecb(cipher_null) (ecb-cipher_null)
[ 00.00] alg: No test for digest_null (digest_null-generic)
[ 00.00] alg: No test for compress_null (compress_null-generic)
[root@east ]# ipsec auto --add westnet-eastnet-compress
[root@east ]# ipsec auto --status
000 using kernel interface: netkey
000 interface eth2/eth2 2001:db8:9:2::23
000 interface eth1/eth1 2001:db8:1:2::23
000 interface eth0/eth0 2001:db8:0:2::254
000 interface lo/lo ::1
000 interface lo/lo 127.0.0.1
000 interface eth0/eth0 192.0.2.254
000 interface eth1/eth1 192.1.2.23
000 interface eth2/eth2 192.9.2.23
000 %myid = (none)
000 debug raw+crypt+parsing+emitting+control+lifecycle+klips+dns+oppo+controlmore+pfkey+nattraversal+x509+dpd+oppoinfo
000  
000 virtual_private (%priv):
000 - allowed 0 subnets: 
000 - disallowed 0 subnets: 
000 WARNING: Either virtual_private= is not specified, or there is a syntax 
000          error in that line. 'left/rightsubnet=vhost:%priv' will not work!
000 WARNING: Disallowed subnets in virtual_private= is empty. If you have 
000          private address space in internal use, it should be excluded!
000  
000 algorithm ESP encrypt: id=2, name=ESP_DES, ivlen=8, keysizemin=64, keysizemax=64
000 algorithm ESP encrypt: id=3, name=ESP_3DES, ivlen=8, keysizemin=192, keysizemax=192
000 algorithm ESP encrypt: id=6, name=ESP_CAST, ivlen=8, keysizemin=40, keysizemax=128
000 algorithm ESP encrypt: id=7, name=ESP_BLOWFISH, ivlen=8, keysizemin=40, keysizemax=448
000 algorithm ESP encrypt: id=11, name=ESP_NULL, ivlen=0, keysizemin=0, keysizemax=0
000 algorithm ESP encrypt: id=12, name=ESP_AES, ivlen=8, keysizemin=128, keysizemax=256
000 algorithm ESP encrypt: id=13, name=ESP_AES_CTR, ivlen=8, keysizemin=160, keysizemax=288
000 algorithm ESP encrypt: id=14, name=ESP_AES_CCM_A, ivlen=8, keysizemin=128, keysizemax=256
000 algorithm ESP encrypt: id=15, name=ESP_AES_CCM_B, ivlen=8, keysizemin=128, keysizemax=256
000 algorithm ESP encrypt: id=16, name=ESP_AES_CCM_C, ivlen=8, keysizemin=128, keysizemax=256
000 algorithm ESP encrypt: id=18, name=ESP_AES_GCM_A, ivlen=8, keysizemin=160, keysizemax=288
000 algorithm ESP encrypt: id=19, name=ESP_AES_GCM_B, ivlen=12, keysizemin=160, keysizemax=288
000 algorithm ESP encrypt: id=20, name=ESP_AES_GCM_C, ivlen=16, keysizemin=160, keysizemax=288
000 algorithm ESP encrypt: id=22, name=ESP_CAMELLIA, ivlen=8, keysizemin=128, keysizemax=256
000 algorithm ESP encrypt: id=252, name=ESP_SERPENT, ivlen=8, keysizemin=128, keysizemax=256
000 algorithm ESP encrypt: id=253, name=ESP_TWOFISH, ivlen=8, keysizemin=128, keysizemax=256
000 algorithm ESP auth attr: id=1, name=AUTH_ALGORITHM_HMAC_MD5, keysizemin=128, keysizemax=128
000 algorithm ESP auth attr: id=2, name=AUTH_ALGORITHM_HMAC_SHA1, keysizemin=160, keysizemax=160
000 algorithm ESP auth attr: id=5, name=AUTH_ALGORITHM_HMAC_SHA2_256, keysizemin=256, keysizemax=256
000 algorithm ESP auth attr: id=6, name=AUTH_ALGORITHM_HMAC_SHA2_384, keysizemin=384, keysizemax=384
000 algorithm ESP auth attr: id=7, name=AUTH_ALGORITHM_HMAC_SHA2_512, keysizemin=512, keysizemax=512
000 algorithm ESP auth attr: id=8, name=AUTH_ALGORITHM_HMAC_RIPEMD, keysizemin=160, keysizemax=160
000 algorithm ESP auth attr: id=9, name=AUTH_ALGORITHM_AES_CBC, keysizemin=128, keysizemax=128
000 algorithm ESP auth attr: id=251, name=AUTH_ALGORITHM_NULL_KAME, keysizemin=0, keysizemax=0
000  
000 algorithm IKE encrypt: id=0, name=(null), blocksize=16, keydeflen=131
000 algorithm IKE encrypt: id=5, name=OAKLEY_3DES_CBC, blocksize=8, keydeflen=192
000 algorithm IKE encrypt: id=7, name=OAKLEY_AES_CBC, blocksize=16, keydeflen=128
000 algorithm IKE hash: id=1, name=OAKLEY_MD5, hashsize=16
000 algorithm IKE hash: id=2, name=OAKLEY_SHA1, hashsize=20
000 algorithm IKE hash: id=4, name=OAKLEY_SHA2_256, hashsize=32
000 algorithm IKE hash: id=5, name=OAKLEY_SHA2_384, hashsize=48
000 algorithm IKE hash: id=6, name=OAKLEY_SHA2_512, hashsize=64
000 algorithm IKE dh group: id=2, name=OAKLEY_GROUP_MODP1024, bits=1024
000 algorithm IKE dh group: id=5, name=OAKLEY_GROUP_MODP1536, bits=1536
000 algorithm IKE dh group: id=14, name=OAKLEY_GROUP_MODP2048, bits=2048
000 algorithm IKE dh group: id=15, name=OAKLEY_GROUP_MODP3072, bits=3072
000 algorithm IKE dh group: id=16, name=OAKLEY_GROUP_MODP4096, bits=4096
000 algorithm IKE dh group: id=17, name=OAKLEY_GROUP_MODP6144, bits=6144
000 algorithm IKE dh group: id=18, name=OAKLEY_GROUP_MODP8192, bits=8192
000 algorithm IKE dh group: id=22, name=OAKLEY_GROUP_DH22, bits=1024
000 algorithm IKE dh group: id=23, name=OAKLEY_GROUP_DH23, bits=2048
000 algorithm IKE dh group: id=24, name=OAKLEY_GROUP_DH24, bits=2048
000  
000 stats db_ops: {curr_cnt, total_cnt, maxsz} :context={0,0,0} trans={0,0,0} attrs={0,0,0} 
000  
000 "westnet-eastnet-compress": 192.0.2.0/24===192.1.2.23<192.1.2.23>[@east]...192.1.2.45<192.1.2.45>[@west]===192.0.1.0/24; unrouted; eroute owner: #0
000 "westnet-eastnet-compress":     oriented; my_ip=unset; their_ip=unset;
000 "westnet-eastnet-compress":   xauth info: us:none, them:none,  my_xauthuser=[any]; their_xauthuser=[any]; ;
000 "westnet-eastnet-compress":   modecfg info: us:none, them:none, modecfg policy:push, dns1:unset, dns2:unset;
000 "westnet-eastnet-compress":   ike_life: 3600s; ipsec_life: 28800s; rekey_margin: 540s; rekey_fuzz: 100%; keyingtries: 0;
000 "westnet-eastnet-compress":   policy: RSASIG+ENCRYPT+COMPRESS+TUNNEL+PFS+IKEv2ALLOW+SAREFTRACK+IKE_FRAG; 
000 "westnet-eastnet-compress":   prio: 24,24; interface: eth1; metric: 0, mtu: unset;
000 "westnet-eastnet-compress":   dpd: action:clear; delay:0; timeout:0;  
000 "westnet-eastnet-compress":   newest ISAKMP SA: #0; newest IPsec SA: #0; 
000  
000  
[root@east ]# ip xfrm policy
src ::/0 dst ::/0 
	socket out priority 0 ptype main 
src ::/0 dst ::/0 
	socket in priority 0 ptype main 
src ::/0 dst ::/0 
	socket out priority 0 ptype main 
src ::/0 dst ::/0 
	socket in priority 0 ptype main 
src ::/0 dst ::/0 
	socket out priority 0 ptype main 
src ::/0 dst ::/0 
	socket in priority 0 ptype main 
src ::/0 dst ::/0 
	socket out priority 0 ptype main 
src ::/0 dst ::/0 
	socket in priority 0 ptype main 
src 0.0.0.0/0 dst 0.0.0.0/0 
	socket out priority 0 ptype main 
src 0.0.0.0/0 dst 0.0.0.0/0 
	socket in priority 0 ptype main 
src 0.0.0.0/0 dst 0.0.0.0/0 
	socket out priority 0 ptype main 
src 0.0.0.0/0 dst 0.0.0.0/0 
	socket in priority 0 ptype main 
src 0.0.0.0/0 dst 0.0.0.0/0 
	socket out priority 0 ptype main 
src 0.0.0.0/0 dst 0.0.0.0/0 
	socket in priority 0 ptype main 
src 0.0.0.0/0 dst 0.0.0.0/0 
	socket out priority 0 ptype main 
src 0.0.0.0/0 dst 0.0.0.0/0 
	socket in priority 0 ptype main 
[root@east ]# echo "initdone"
initdone
002 shutting down
[root@east ]# if [ -f /tmp/core ]; then echo CORE FOUND; mv /tmp/core ./; fi

