: ==== start ====
[root@west ikev2-05-basic-psk]# TESTNAME=ikev2-05-basic-psk
[root@west ikev2-05-basic-psk]# /testing/guestbin/swan-prep
[root@west ikev2-05-basic-psk]# # confirm that the network is alive
[root@west ikev2-05-basic-psk]# ping -n -c 2 -I 192.0.1.254 192.0.2.254
PING 192.0.2.254 (192.0.2.254) from 192.0.1.254 : 56(84) bytes of data.
64 bytes from 192.0.2.254: icmp_req=1 ttl=64 time=0.XXX ms
64 bytes from 192.0.2.254: icmp_req=2 ttl=64 time=0.XXX ms

--- 192.0.2.254 ping statistics ---
2 packets transmitted, 2 received, 0% packet loss, time XXXX
rtt min/avg/max/mdev = 0.XXX/0.XXX/0.XXX/0.XXX ms
[root@west ikev2-05-basic-psk]# # make sure that clear text does not get through
[root@west ikev2-05-basic-psk]# iptables -A INPUT -i eth1 -s 192.0.2.0/24 -j DROP
[root@west ikev2-05-basic-psk]# # confirm with a ping to east-in
[root@west ikev2-05-basic-psk]# ping -n -c 1 -I 192.0.1.254 192.0.2.254
PING 192.0.2.254 (192.0.2.254) from 192.0.1.254 : 56(84) bytes of data.

--- 192.0.2.254 ping statistics ---
1 packets transmitted, 0 received, 100% packet loss, time XXXX

[root@west ikev2-05-basic-psk]# ipsec setup start
[ 00.00] NET: Registered protocol family 15
[ 00.00] registered KLIPS /proc/sys/net
[ 00.00] ipsec_3des_init(alg_type=15 alg_id=3 name=3des): ret=0
[ 00.00] KLIPS cryptoapi interface: alg_type=15 alg_id=12 name=cbc(aes) keyminbits=128 keymaxbits=256, found(0)
[ 00.00] KLIPS cryptoapi interface: alg_type=15 alg_id=253 name=cbc(twofish) keyminbits=128 keymaxbits=256, found(0)
[ 00.00] KLIPS cryptoapi interface: alg_type=15 alg_id=252 name=cbc(serpent) keyminbits=128 keymaxbits=256, found(0)
[ 00.00] KLIPS cryptoapi interface: alg_type=15 alg_id=6 name=cbc(cast5) keyminbits=128 keymaxbits=128, found(0)
[ 00.00] KLIPS cryptoapi interface: alg_type=15 alg_id=7 name=cbc(blowfish) keyminbits=96 keymaxbits=448, found(0)
[ 00.00] KLIPS cryptoapi interface: alg_type=15 alg_id=3 name=cbc(des3_ede) keyminbits=192 keymaxbits=192, found(0)
[ 00.00] 
Redirecting to: systemctl start ipsec.service
[ 00.00] 
[root@west ikev2-05-basic-psk]# /testing/pluto/bin/wait-until-pluto-started
[root@west ikev2-05-basic-psk]# ipsec whack --whackrecord /var/tmp/ikev2.record
[root@west ikev2-05-basic-psk]# ipsec auto --add westnet-eastnet-ipv4-psk-ikev2
[root@west ikev2-05-basic-psk]# ipsec auto --status
000 using kernel interface: klips
000 interface ipsec0/eth1 2001:db8:1:2::45
000 interface ipsec0/eth1 192.1.2.45
000 interface ipsec0/eth1 192.1.2.45
000 %myid = (none)
000 debug raw+crypt+parsing+emitting+control+lifecycle+klips+dns+oppo+controlmore+pfkey+nattraversal+x509+dpd+oppoinfo
000  
000 virtual_private (%priv):
000 - allowed 3 subnets: 10.0.0.0/8, 192.168.0.0/16, 172.16.0.0/12
000 - disallowed 2 subnets: 192.0.1.0/24, 2001:db8:0:1::/64
000  
000 algorithm ESP encrypt: id=3, name=ESP_3DES, ivlen=64, keysizemin=192, keysizemax=192
000 algorithm ESP encrypt: id=6, name=ESP_CAST, ivlen=64, keysizemin=128, keysizemax=128
000 algorithm ESP encrypt: id=7, name=ESP_BLOWFISH, ivlen=64, keysizemin=96, keysizemax=448
000 algorithm ESP encrypt: id=12, name=ESP_AES, ivlen=128, keysizemin=128, keysizemax=256
000 algorithm ESP encrypt: id=252, name=ESP_SERPENT, ivlen=128, keysizemin=128, keysizemax=256
000 algorithm ESP encrypt: id=253, name=ESP_TWOFISH, ivlen=128, keysizemin=128, keysizemax=256
000 algorithm ESP auth attr: id=1, name=AUTH_ALGORITHM_HMAC_MD5, keysizemin=128, keysizemax=128
000 algorithm ESP auth attr: id=2, name=AUTH_ALGORITHM_HMAC_SHA1, keysizemin=160, keysizemax=160
000 algorithm ESP auth attr: id=9, name=AUTH_ALGORITHM_AES_CBC, keysizemin=128, keysizemax=128
000  
000 algorithm IKE encrypt: id=5, name=OAKLEY_3DES_CBC, blocksize=8, keydeflen=192
000 algorithm IKE encrypt: id=7, name=OAKLEY_AES_CBC, blocksize=16, keydeflen=128
000 algorithm IKE hash: id=1, name=OAKLEY_MD5, hashsize=16
000 algorithm IKE hash: id=2, name=OAKLEY_SHA1, hashsize=20
000 algorithm IKE hash: id=4, name=OAKLEY_SHA2_256, hashsize=32
000 algorithm IKE hash: id=5, name=OAKLEY_SHA2_384, hashsize=48
000 algorithm IKE hash: id=6, name=OAKLEY_SHA2_512, hashsize=64
000 algorithm IKE dh group: id=2, name=OAKLEY_GROUP_MODP1024, bits=1024
000 algorithm IKE dh group: id=5, name=OAKLEY_GROUP_MODP1536, bits=1536
000 algorithm IKE dh group: id=14, name=OAKLEY_GROUP_MODP2048, bits=2048
000 algorithm IKE dh group: id=15, name=OAKLEY_GROUP_MODP3072, bits=3072
000 algorithm IKE dh group: id=16, name=OAKLEY_GROUP_MODP4096, bits=4096
000 algorithm IKE dh group: id=17, name=OAKLEY_GROUP_MODP6144, bits=6144
000 algorithm IKE dh group: id=18, name=OAKLEY_GROUP_MODP8192, bits=8192
000 algorithm IKE dh group: id=22, name=OAKLEY_GROUP_DH22, bits=1024
000 algorithm IKE dh group: id=23, name=OAKLEY_GROUP_DH23, bits=2048
000 algorithm IKE dh group: id=24, name=OAKLEY_GROUP_DH24, bits=2048
000  
000 stats db_ops: {curr_cnt, total_cnt, maxsz} :context={0,0,0} trans={0,0,0} attrs={0,0,0} 
000  
000 "westnet-eastnet-ipv4-psk-ikev2": 192.0.1.0/24===192.1.2.45<192.1.2.45>[@west]...192.1.2.23<192.1.2.23>[@east]===192.0.2.0/24; unrouted; eroute owner: #0
000 "westnet-eastnet-ipv4-psk-ikev2":     oriented; my_ip=unset; their_ip=unset;
000 "westnet-eastnet-ipv4-psk-ikev2":   xauth info: us:none, them:none,  my_xauthuser=[any]; their_xauthuser=[any]; ;
000 "westnet-eastnet-ipv4-psk-ikev2":   modecfg info: us:none, them:none, modecfg policy:push, dns1:unset, dns2:unset;
000 "westnet-eastnet-ipv4-psk-ikev2":   ike_life: 3600s; ipsec_life: 28800s; rekey_margin: 540s; rekey_fuzz: 100%; keyingtries: 0; sha2_truncbug:no; initial_contact:no;
000 "westnet-eastnet-ipv4-psk-ikev2":   policy: PSK+ENCRYPT+TUNNEL+PFS+!IKEv1+IKEv2ALLOW+IKEv2Init+SAREFTRACK+IKE_FRAG; 
000 "westnet-eastnet-ipv4-psk-ikev2":   prio: 24,24; interface: eth1; metric: 0, mtu: unset;
000 "westnet-eastnet-ipv4-psk-ikev2":   dpd: action:clear; delay:0; timeout:0; nat-t: force_encaps:no; nat_keepalive:yes;
000 "westnet-eastnet-ipv4-psk-ikev2":   newest ISAKMP SA: #0; newest IPsec SA: #0; 
000  
000 Total IPsec connections: loaded 1, active 0
000  
000  
[root@west ikev2-05-basic-psk]# ipsec whack --debug-control --debug-controlmore --debug-parsing --debug-crypt
[root@west ikev2-05-basic-psk]# echo "initdone"
initdone
[root@west ikev2-05-basic-psk]# ipsec auto --up  westnet-eastnet-ipv4-psk-ikev2
133 "westnet-eastnet-ipv4-psk-ikev2" #1: STATE_PARENT_I1: initiate
133 "westnet-eastnet-ipv4-psk-ikev2" #1: STATE_PARENT_I1: sent v2I1, expected v2R1
134 "westnet-eastnet-ipv4-psk-ikev2" #2: STATE_PARENT_I2: sent v2I2, expected v2R2 {auth=IKEv2 cipher=aes_128 integ=sha1_96 prf=oakley_sha group=modp2048}
004 "westnet-eastnet-ipv4-psk-ikev2" #2: STATE_PARENT_I3: PARENT SA established tunnel mode
[root@west ikev2-05-basic-psk]# ping -n -c 2 -I 192.0.1.254 192.0.2.254
PING 192.0.2.254 (192.0.2.254) from 192.0.1.254 : 56(84) bytes of data.
64 bytes from 192.0.2.254: icmp_req=1 ttl=64 time=0.XXX ms
64 bytes from 192.0.2.254: icmp_req=2 ttl=64 time=0.XXX ms

--- 192.0.2.254 ping statistics ---
2 packets transmitted, 2 received, 0% packet loss, time XXXX
rtt min/avg/max/mdev = 0.XXX/0.XXX/0.XXX/0.XXX ms
[root@west ikev2-05-basic-psk]# ipsec look
west Thu Apr 11 16:39:48 EDT 2013
192.0.1.0/24       -> 192.0.2.0/24       => tun0xIPIP@192.1.2.23 esp0xESPSPI@192.1.2.23
ipsec0->eth1 mtu=16260(9999)->1500
tun0xTUN#@192.1.2.23 IPIP: dir=out src=192.1.2.45  natencap=none natsport=0 natdport=0   refhim=0
esp0xKLIPSPIK@192.1.2.23 ESP_AES_HMAC_SHA1: dir=out src=192.1.2.45 iv_bits=128bits iv=0xIVISFORRANDOM000IVISFORRANDOM000 ooowin=64  alen=160 aklen=160 eklen=128  natencap=none natsport=0 natdport=0   refhim=0
esp0xKLIPSPIK@192.1.2.45 ESP_AES_HMAC_SHA1: dir=in  src=192.1.2.23 iv_bits=128bits iv=0xIVISFORRANDOM000IVISFORRANDOM000 ooowin=64   alen=160 aklen=160 eklen=128  natencap=none natsport=0 natdport=0   refhim=1
tun0xTUN#@192.1.2.45 IPIP: dir=in  src=192.1.2.23 policy=192.0.2.0/24->192.0.1.0/24 flags=0x8<>  natencap=none natsport=0 natdport=0   refhim=1
ROUTING TABLES
default via 192.1.2.254 dev eth1 
169.254.0.0/16 dev eth0  scope link  metric 1002 
169.254.0.0/16 dev eth1  scope link  metric 1003 
169.254.0.0/16 dev eth2  scope link  metric 1004 
192.0.1.0/24 dev eth0  proto kernel  scope link  src 192.0.1.254 
192.0.2.0/24 dev ipsec0  scope link 
192.1.2.0/24 dev eth1  proto kernel  scope link  src 192.1.2.45 
192.9.4.0/24 dev eth2  proto kernel  scope link  src 192.9.4.45 
unreachable ::/96 dev lo  metric 1024  error -101
unreachable ::ffff:0.0.0.0/96 dev lo  metric 1024  error -101
2001:db8:0:1::/64 dev eth0  proto kernel  metric 256 
2001:db8::/48 via 2001:db8:1:2::23 dev eth1  metric 1024 
2001:db8:1:2::45 dev ipsec0  proto kernel  metric 256 
2001:db8:1:2::/64 dev eth1  proto kernel  metric 256 
2001:db8:9:4::/64 dev eth2  proto kernel  metric 256 
unreachable 2002:a00::/24 dev lo  metric 1024  error -101
unreachable 2002:7f00::/24 dev lo  metric 1024  error -101
unreachable 2002:a9fe::/32 dev lo  metric 1024  error -101
unreachable 2002:ac10::/28 dev lo  metric 1024  error -101
unreachable 2002:c0a8::/32 dev lo  metric 1024  error -101
unreachable 2002:e000::/19 dev lo  metric 1024  error -101
unreachable 3ffe:ffff::/32 dev lo  metric 1024  error -101
fe80::1000:ff:fe64:6445 dev ipsec0  proto kernel  metric 256 
fe80::/64 dev eth0  proto kernel  metric 256 
fe80::/64 dev eth1  proto kernel  metric 256 
fe80::/64 dev eth2  proto kernel  metric 256 
default via 2001:db8:1:2::254 dev eth1  metric 1 
default via 2001:db8:1:2::254 dev eth1  metric 1024 
NSS_CERTIFICATES

Certificate Nickname                                         Trust Attributes
                                                             SSL,S/MIME,JAR/XPI

[root@west ikev2-05-basic-psk]# echo done
done
[root@west ikev2-05-basic-psk]# 000 using kernel interface: klips
000 interface ipsec0/eth1 2001:db8:1:2::45
000 interface ipsec0/eth1 192.1.2.45
000 interface ipsec0/eth1 192.1.2.45
000 %myid = (none)
000 debug crypt+parsing+control+controlmore
000  
000 virtual_private (%priv):
000 - allowed 3 subnets: 10.0.0.0/8, 192.168.0.0/16, 172.16.0.0/12
000 - disallowed 2 subnets: 192.0.1.0/24, 2001:db8:0:1::/64
000  
000 algorithm ESP encrypt: id=3, name=ESP_3DES, ivlen=64, keysizemin=192, keysizemax=192
000 algorithm ESP encrypt: id=6, name=ESP_CAST, ivlen=64, keysizemin=128, keysizemax=128
000 algorithm ESP encrypt: id=7, name=ESP_BLOWFISH, ivlen=64, keysizemin=96, keysizemax=448
000 algorithm ESP encrypt: id=12, name=ESP_AES, ivlen=128, keysizemin=128, keysizemax=256
000 algorithm ESP encrypt: id=252, name=ESP_SERPENT, ivlen=128, keysizemin=128, keysizemax=256
000 algorithm ESP encrypt: id=253, name=ESP_TWOFISH, ivlen=128, keysizemin=128, keysizemax=256
000 algorithm ESP auth attr: id=1, name=AUTH_ALGORITHM_HMAC_MD5, keysizemin=128, keysizemax=128
000 algorithm ESP auth attr: id=2, name=AUTH_ALGORITHM_HMAC_SHA1, keysizemin=160, keysizemax=160
000 algorithm ESP auth attr: id=9, name=AUTH_ALGORITHM_AES_CBC, keysizemin=128, keysizemax=128
000  
000 algorithm IKE encrypt: id=5, name=OAKLEY_3DES_CBC, blocksize=8, keydeflen=192
000 algorithm IKE encrypt: id=7, name=OAKLEY_AES_CBC, blocksize=16, keydeflen=128
000 algorithm IKE hash: id=1, name=OAKLEY_MD5, hashsize=16
000 algorithm IKE hash: id=2, name=OAKLEY_SHA1, hashsize=20
000 algorithm IKE hash: id=4, name=OAKLEY_SHA2_256, hashsize=32
000 algorithm IKE hash: id=5, name=OAKLEY_SHA2_384, hashsize=48
000 algorithm IKE hash: id=6, name=OAKLEY_SHA2_512, hashsize=64
000 algorithm IKE dh group: id=2, name=OAKLEY_GROUP_MODP1024, bits=1024
000 algorithm IKE dh group: id=5, name=OAKLEY_GROUP_MODP1536, bits=1536
000 algorithm IKE dh group: id=14, name=OAKLEY_GROUP_MODP2048, bits=2048
000 algorithm IKE dh group: id=15, name=OAKLEY_GROUP_MODP3072, bits=3072
000 algorithm IKE dh group: id=16, name=OAKLEY_GROUP_MODP4096, bits=4096
000 algorithm IKE dh group: id=17, name=OAKLEY_GROUP_MODP6144, bits=6144
000 algorithm IKE dh group: id=18, name=OAKLEY_GROUP_MODP8192, bits=8192
000 algorithm IKE dh group: id=22, name=OAKLEY_GROUP_DH22, bits=1024
000 algorithm IKE dh group: id=23, name=OAKLEY_GROUP_DH23, bits=2048
000 algorithm IKE dh group: id=24, name=OAKLEY_GROUP_DH24, bits=2048
000  
000 stats db_ops: {curr_cnt, total_cnt, maxsz} :context={0,0,0} trans={0,0,0} attrs={0,0,0} 
000  
000 "westnet-eastnet-ipv4-psk-ikev2": 192.0.1.0/24===192.1.2.45<192.1.2.45>[@west]...192.1.2.23<192.1.2.23>[@east]===192.0.2.0/24; erouted; eroute owner: #2
000 "westnet-eastnet-ipv4-psk-ikev2":     oriented; my_ip=unset; their_ip=unset;
000 "westnet-eastnet-ipv4-psk-ikev2":   xauth info: us:none, them:none,  my_xauthuser=[any]; their_xauthuser=[any]; ;
000 "westnet-eastnet-ipv4-psk-ikev2":   modecfg info: us:none, them:none, modecfg policy:push, dns1:unset, dns2:unset;
000 "westnet-eastnet-ipv4-psk-ikev2":   ike_life: 3600s; ipsec_life: 28800s; rekey_margin: 540s; rekey_fuzz: 100%; keyingtries: 0; sha2_truncbug:no; initial_contact:no;
000 "westnet-eastnet-ipv4-psk-ikev2":   policy: PSK+ENCRYPT+TUNNEL+PFS+UP+!IKEv1+IKEv2ALLOW+IKEv2Init+SAREFTRACK+IKE_FRAG; 
000 "westnet-eastnet-ipv4-psk-ikev2":   prio: 24,24; interface: eth1; metric: 0, mtu: unset;
000 "westnet-eastnet-ipv4-psk-ikev2":   newest ISAKMP SA: #1; newest IPsec SA: #2; 
000 "westnet-eastnet-ipv4-psk-ikev2":   IKE algorithm newest: _128-SHA1-MODP2048
000 "westnet-eastnet-ipv4-psk-ikev2":   ESP algorithm newest: AES_128-HMAC_SHA1; pfsgroup=<Phase1>
000  
000 Total IPsec connections: loaded 1, active 1
000  
000 #2: "westnet-eastnet-ipv4-psk-ikev2":500 STATE_PARENT_I3 (PARENT SA established); EVENT_SA_REPLACE in  00s; newest IPSEC; eroute owner; nodpd; idle; import:admin initiate
000 #1: "westnet-eastnet-ipv4-psk-ikev2":500 STATE_PARENT_I3 (PARENT SA established); EVENT_SA_REPLACE in  00s; newest ISAKMP; nodpd; idle; import:admin initiate
000  
[root@west ikev2-05-basic-psk]# if [ -f /tmp/core ]; then echo CORE FOUND; mv /tmp/core /var/tmp; fi

